// Jest Snapshot v1, https://goo.gl/fbAQLP

exports[`should render Header correctly 1`] = `
<header
  className="header-background"
>
  <div
    className="content-container"
  >
    <div
      className="header__content"
    >
      <Link
        className="header__title"
        to="/dashboard"
      >
        <h1>
          Budget
        </h1>
      </Link>
      <WithStyles(ForwardRef(Button))
        onClick={[Function]}
        style={
          Object {
            "color": "white",
            "fontSize": "15px",
            "textTransform": "none",
          }
        }
      >
        Logout
      </WithStyles(ForwardRef(Button))>
    </div>
  </div>
</header>
`;
